// Vitest Snapshot v1, https://vitest.dev/guide/snapshot.html

exports[`EndReportSummary > reads the same way it did when a musician last checked it 1`] = `"That was a solid half hour.78Session ScoreGoodBeats hitbeats you played vs. beats counted85%Avg timing errorlower is tighter±14.7msConsistencylower is tighter±18.3msTempo stability±6.5msBest Streak24Scored beats222Not played18Note spacingEven gaps between your notes42%Beat placementHow close your hits land to the beat71%78 is a real foundation. Your hits are landing, just not always cleanly on the grid.Highlight: 24 beats in a row without a miss.You settled once the tempo stopped moving.Timeline0:00–1:30Semi-structured·120 BPM·Beats hit: 74%·rushing711:30–3:25Grid exercise·130 BPM·Beats hit: 93%·on beat84BreakdownPerfect96Good61OK31Miss34Timing Distribution-50ms0+50ms"`;
